// Jest Snapshot v1, https://goo.gl/fbAQLP

exports[`Gameweek Summary Tests Renders as expected 1`] = `
<DocumentFragment>
  <div
    class="MuiBox-root css-1r4ai6y"
  >
    <div
      class="MuiGrid-root MuiGrid-container css-1yrjdnf-MuiGrid-root"
    >
      <div
        class="MuiGrid-root MuiGrid-item MuiGrid-grid-xs-4 css-gj1fbr-MuiGrid-root"
      >
        <p
          class="MuiTypography-root MuiTypography-body1 css-gy28c7-MuiTypography-root"
        >
          STAR PLAYER:
        </p>
        <div
          class="MuiGrid-root MuiGrid-container css-1yind3g-MuiGrid-root"
        >
          <div
            class="MuiGrid-root MuiGrid-item css-13i4rnv-MuiGrid-root"
          >
            <img
              alt="crest-img"
              height="40"
              src="/assets/images/crests/3.png"
              width="40"
            />
          </div>
          <div
            class="MuiGrid-root MuiGrid-item css-1dmize5-MuiGrid-root"
          >
            <p
              class="MuiTypography-root MuiTypography-body1 css-1vd0kub-MuiTypography-root"
              data-testid="star player:"
            >
              Jankin -  13 pts
            </p>
          </div>
        </div>
      </div>
      <div
        class="MuiGrid-root MuiGrid-item MuiGrid-grid-xs-4 css-gj1fbr-MuiGrid-root"
      >
        <p
          class="MuiTypography-root MuiTypography-body1 css-gy28c7-MuiTypography-root"
        >
          MOST CAPTAINED:
        </p>
        <div
          class="MuiGrid-root MuiGrid-container css-1yind3g-MuiGrid-root"
        >
          <div
            class="MuiGrid-root MuiGrid-item css-13i4rnv-MuiGrid-root"
          >
            <img
              alt="crest-img"
              height="40"
              src="/assets/images/crests/7.png"
              width="40"
            />
          </div>
          <div
            class="MuiGrid-root MuiGrid-item css-1dmize5-MuiGrid-root"
          >
            <p
              class="MuiTypography-root MuiTypography-body1 css-1vd0kub-MuiTypography-root"
              data-testid="most captained:"
            >
              Triner
            </p>
          </div>
        </div>
      </div>
      <div
        class="MuiGrid-root MuiGrid-item MuiGrid-grid-xs-4 css-gj1fbr-MuiGrid-root"
      >
        <p
          class="MuiTypography-root MuiTypography-body1 css-gy28c7-MuiTypography-root"
        >
          HIGHEST SCORE:
        </p>
        <div
          class="MuiGrid-root MuiGrid-container css-1yind3g-MuiGrid-root"
        >
          <div
            class="MuiGrid-root MuiGrid-item css-13i4rnv-MuiGrid-root"
          />
          <div
            class="MuiGrid-root MuiGrid-item css-1dmize5-MuiGrid-root"
          >
            <p
              class="MuiTypography-root MuiTypography-body1 css-1vd0kub-MuiTypography-root"
              data-testid="highest score:"
            >
              73 pts
            </p>
          </div>
        </div>
      </div>
      <div
        class="MuiGrid-root MuiGrid-item MuiGrid-grid-xs-4 css-gj1fbr-MuiGrid-root"
      >
        <p
          class="MuiTypography-root MuiTypography-body1 css-gy28c7-MuiTypography-root"
        >
          MOST TRANSFERRED IN:
        </p>
        <div
          class="MuiGrid-root MuiGrid-container css-1yind3g-MuiGrid-root"
        >
          <div
            class="MuiGrid-root MuiGrid-item css-13i4rnv-MuiGrid-root"
          >
            <img
              alt="crest-img"
              height="40"
              src="/assets/images/crests/6.png"
              width="40"
            />
          </div>
          <div
            class="MuiGrid-root MuiGrid-item css-1dmize5-MuiGrid-root"
          >
            <p
              class="MuiTypography-root MuiTypography-body1 css-1vd0kub-MuiTypography-root"
              data-testid="most transferred in:"
            >
              Summerill - 2,057 transfers
            </p>
          </div>
        </div>
      </div>
      <div
        class="MuiGrid-root MuiGrid-item MuiGrid-grid-xs-4 css-gj1fbr-MuiGrid-root"
      >
        <p
          class="MuiTypography-root MuiTypography-body1 css-gy28c7-MuiTypography-root"
        >
          MOST VICE-CAPTAINED:
        </p>
        <div
          class="MuiGrid-root MuiGrid-container css-1yind3g-MuiGrid-root"
        >
          <div
            class="MuiGrid-root MuiGrid-item css-13i4rnv-MuiGrid-root"
          >
            <img
              alt="crest-img"
              height="40"
              src="/assets/images/crests/7.png"
              width="40"
            />
          </div>
          <div
            class="MuiGrid-root MuiGrid-item css-1dmize5-MuiGrid-root"
          >
            <p
              class="MuiTypography-root MuiTypography-body1 css-1vd0kub-MuiTypography-root"
              data-testid="most vice-captained:"
            >
              Bauldrey
            </p>
          </div>
        </div>
      </div>
      <div
        class="MuiGrid-root MuiGrid-item MuiGrid-grid-xs-4 css-gj1fbr-MuiGrid-root"
      >
        <p
          class="MuiTypography-root MuiTypography-body1 css-gy28c7-MuiTypography-root"
        >
          AVERAGE SCORE:
        </p>
        <div
          class="MuiGrid-root MuiGrid-container css-1yind3g-MuiGrid-root"
        >
          <div
            class="MuiGrid-root MuiGrid-item css-13i4rnv-MuiGrid-root"
          />
          <div
            class="MuiGrid-root MuiGrid-item css-1dmize5-MuiGrid-root"
          >
            <p
              class="MuiTypography-root MuiTypography-body1 css-1vd0kub-MuiTypography-root"
              data-testid="average score:"
            >
              10 pts
            </p>
          </div>
        </div>
      </div>
    </div>
  </div>
</DocumentFragment>
`;
