// Jest Snapshot v1, https://goo.gl/fbAQLP

exports[`Player Tests Snapshot test 1`] = `
<DocumentFragment>
  <div
    class="MuiBox-root css-hgxypz"
    data-testid="828"
  >
    <div
      class="MuiBox-root css-1hwhk2i"
      data-testid="kit-img-container"
    />
    <div
      class="MuiBox-root css-9pa3st"
    >
      <div
        class="MuiBox-root css-3e87oq"
      >
        <div
          class="MuiBox-root css-2f68vp"
        >
          <p
            class="MuiTypography-root MuiTypography-body1 css-1jaadou-MuiTypography-root"
            data-testid="player-name"
          >
            JANKIN
          </p>
        </div>
        <div
          class="MuiBox-root css-13w0h3v"
        >
          <p
            class="MuiTypography-root MuiTypography-body1 css-1taaagb-MuiTypography-root"
            data-testid="player-score"
          >
            13
          </p>
        </div>
        <div
          class="MuiBox-root css-qrsfhp"
        >
          <svg
            aria-hidden="true"
            class="MuiSvgIcon-root MuiSvgIcon-fontSizeMedium css-1aec4f4-MuiSvgIcon-root"
            data-testid="InfoIcon"
            focusable="false"
            viewBox="0 0 24 24"
          >
            <path
              d="M12 2C6.48 2 2 6.48 2 12s4.48 10 10 10 10-4.48 10-10S17.52 2 12 2zm1 15h-2v-6h2v6zm0-8h-2V7h2v2z"
            />
          </svg>
        </div>
      </div>
    </div>
  </div>
</DocumentFragment>
`;
