// Jest Snapshot v1, https://goo.gl/fbAQLP

exports[`Gameweek countdown tests Snapshot test 1`] = `
<DocumentFragment>
  <div
    class="MuiBox-root css-oevum5"
    data-testid="gameweek-deadline-container"
  >
    <h5
      class="MuiTypography-root MuiTypography-h5 css-ag7rrr-MuiTypography-root"
    >
      GAMEWEEK 34
      <br />
      IN PROGRESS
    </h5>
  </div>
</DocumentFragment>
`;
